{"context":"RoutesResolver","level":"info","message":"ApiGatewayController {/}:","timestamp":"2026-09-25T05:08:37.014Z"}
{"context":"RouterExplorer","level":"info","message":"Mapped {/, GET} route","timestamp":"2026-09-25T05:08:37.022Z"}
{"context":"RouterExplorer","level":"info","message":"Mapped {/auth/send-otp, POST} route","timestamp":"2026-09-25T05:08:37.024Z"}
{"context":"RouterExplorer","level":"info","message":"Mapped {/auth/verify-otp, POST} route","timestamp":"2026-09-25T05:08:37.025Z"}
{"context":"RouterExplorer","level":"info","message":"Mapped {/auth/profile, GET} route","timestamp":"2026-09-25T05:08:37.027Z"}
{"context":"RouterExplorer","level":"info","message":"Mapped {/auth/profile, PATCH} route","timestamp":"2026-09-25T05:08:37.028Z"}
{"context":"RouterExplorer","level":"info","message":"Mapped {/auth/change-password, POST} route","timestamp":"2026-09-25T05:08:37.029Z"}
{"context":"RouterExplorer","level":"info","message":"Mapped {/auth/logout, POST} route","timestamp":"2026-09-25T05:08:37.030Z"}
{"context":"RouterExplorer","level":"info","message":"Mapped {/restaurants/setup, POST} route","timestamp":"2026-09-25T05:08:37.031Z"}
{"context":"RouterExplorer","level":"info","message":"Mapped {/restaurants/outlets, POST} route","timestamp":"2026-09-25T05:08:37.033Z"}
{"context":"RouterExplorer","level":"info","message":"Mapped {/restaurants/outlets, GET} route","timestamp":"2026-09-25T05:08:37.034Z"}
{"context":"RouterExplorer","level":"info","message":"Mapped {/restaurants/outlets/:id, GET} route","timestamp":"2026-09-25T05:08:37.035Z"}
{"context":"RouterExplorer","level":"info","message":"Mapped {/restaurants/outlets/:id, PATCH} route","timestamp":"2026-09-25T05:08:37.035Z"}
{"context":"RouterExplorer","level":"info","message":"Mapped {/tables/zones, POST} route","timestamp":"2026-09-25T05:08:37.035Z"}
{"context":"RouterExplorer","level":"info","message":"Mapped {/tables, POST} route","timestamp":"2026-09-25T05:08:37.036Z"}
{"context":"RouterExplorer","level":"info","message":"Mapped {/tables/live-status, GET} route","timestamp":"2026-09-25T05:08:37.036Z"}
{"context":"RouterExplorer","level":"info","message":"Mapped {/reservations, POST} route","timestamp":"2026-09-25T05:08:37.037Z"}
{"context":"RouterExplorer","level":"info","message":"Mapped {/tables/:id/assign, PATCH} route","timestamp":"2026-09-25T05:08:37.037Z"}
{"context":"RouterExplorer","level":"info","message":"Mapped {/menu, GET} route","timestamp":"2026-09-25T05:08:37.039Z"}
{"context":"RouterExplorer","level":"info","message":"Mapped {/menu/category, POST} route","timestamp":"2026-09-25T05:08:37.040Z"}
{"context":"RouterExplorer","level":"info","message":"Mapped {/menu/item, POST} route","timestamp":"2026-09-25T05:08:37.041Z"}
{"context":"RouterExplorer","level":"info","message":"Mapped {/menu/item/:id, PATCH} route","timestamp":"2026-09-25T05:08:37.042Z"}
{"context":"RouterExplorer","level":"info","message":"Mapped {/menu/item/:id, DELETE} route","timestamp":"2026-09-25T05:08:37.043Z"}
{"context":"RouterExplorer","level":"info","message":"Mapped {/inventory, POST} route","timestamp":"2026-09-25T05:08:37.044Z"}
{"context":"RouterExplorer","level":"info","message":"Mapped {/inventory, GET} route","timestamp":"2026-09-25T05:08:37.045Z"}
{"context":"RouterExplorer","level":"info","message":"Mapped {/inventory/:id, GET} route","timestamp":"2026-09-25T05:08:37.046Z"}
{"context":"RouterExplorer","level":"info","message":"Mapped {/inventory/:id, PATCH} route","timestamp":"2026-09-25T05:08:37.046Z"}
{"context":"RouterExplorer","level":"info","message":"Mapped {/inventory/:id, DELETE} route","timestamp":"2026-09-25T05:08:37.047Z"}
{"context":"RouterExplorer","level":"info","message":"Mapped {/inventory-analytics/overview, GET} route","timestamp":"2026-09-25T05:08:37.047Z"}
{"context":"RouterExplorer","level":"info","message":"Mapped {/orders, POST} route","timestamp":"2026-09-25T05:08:37.048Z"}
{"context":"RouterExplorer","level":"info","message":"Mapped {/orders, GET} route","timestamp":"2026-09-25T05:08:37.048Z"}
{"context":"RouterExplorer","level":"info","message":"Mapped {/orders/:id, GET} route","timestamp":"2026-09-25T05:08:37.048Z"}
{"context":"RouterExplorer","level":"info","message":"Mapped {/orders/:id/status, PATCH} route","timestamp":"2026-09-25T05:08:37.049Z"}
{"context":"RouterExplorer","level":"info","message":"Mapped {/kds/active-tickets, GET} route","timestamp":"2026-09-25T05:08:37.049Z"}
{"context":"RouterExplorer","level":"info","message":"Mapped {/kds/items/:id/status, PATCH} route","timestamp":"2026-09-25T05:08:37.049Z"}
{"context":"RouterExplorer","level":"info","message":"Mapped {/kds/expediter, GET} route","timestamp":"2026-09-25T05:08:37.050Z"}
{"context":"RouterExplorer","level":"info","message":"Mapped {/billing/invoices, POST} route","timestamp":"2026-09-25T05:08:37.050Z"}
{"context":"RouterExplorer","level":"info","message":"Mapped {/billing/invoices/:id/payments, POST} route","timestamp":"2026-09-25T05:08:37.050Z"}
{"context":"RouterExplorer","level":"info","message":"Mapped {/billing/invoices, GET} route","timestamp":"2026-09-25T05:08:37.051Z"}
{"context":"RouterExplorer","level":"info","message":"Mapped {/billing/invoices/:id, GET} route","timestamp":"2026-09-25T05:08:37.051Z"}
{"context":"RouterExplorer","level":"info","message":"Mapped {/crm/customers, POST} route","timestamp":"2026-09-25T05:08:37.052Z"}
{"context":"RouterExplorer","level":"info","message":"Mapped {/crm/customers, GET} route","timestamp":"2026-09-25T05:08:37.053Z"}
{"context":"RouterExplorer","level":"info","message":"Mapped {/crm/customers/:phone, GET} route","timestamp":"2026-09-25T05:08:37.053Z"}
{"context":"RouterExplorer","level":"info","message":"Mapped {/crm/customers/:id/points, POST} route","timestamp":"2026-09-25T05:08:37.054Z"}
{"context":"RouterExplorer","level":"info","message":"Mapped {/taxes, POST} route","timestamp":"2026-09-25T05:08:37.054Z"}
{"context":"RouterExplorer","level":"info","message":"Mapped {/taxes, GET} route","timestamp":"2026-09-25T05:08:37.055Z"}
{"context":"RouterExplorer","level":"info","message":"Mapped {/discounts, POST} route","timestamp":"2026-09-25T05:08:37.055Z"}
{"context":"RouterExplorer","level":"info","message":"Mapped {/discounts, GET} route","timestamp":"2026-09-25T05:08:37.056Z"}
{"context":"RouterExplorer","level":"info","message":"Mapped {/billing/subscription, GET} route","timestamp":"2026-09-25T05:08:37.056Z"}
{"context":"RouterExplorer","level":"info","message":"Mapped {/billing/subscription/change-plan, POST} route","timestamp":"2026-09-25T05:08:37.057Z"}
{"context":"RouterExplorer","level":"info","message":"Mapped {/billing/subscription/cancel, POST} route","timestamp":"2026-09-25T05:08:37.057Z"}
{"context":"RouterExplorer","level":"info","message":"Mapped {/shifts/open, POST} route","timestamp":"2026-09-25T05:08:37.057Z"}
{"context":"RouterExplorer","level":"info","message":"Mapped {/shifts/cash-drop, POST} route","timestamp":"2026-09-25T05:08:37.058Z"}
{"context":"RouterExplorer","level":"info","message":"Mapped {/shifts/close, POST} route","timestamp":"2026-09-25T05:08:37.059Z"}
{"context":"RouterExplorer","level":"info","message":"Mapped {/shifts, GET} route","timestamp":"2026-09-25T05:08:37.059Z"}
{"context":"RouterExplorer","level":"info","message":"Mapped {/shifts/:id/report, GET} route","timestamp":"2026-09-25T05:08:37.060Z"}
{"context":"RouterExplorer","level":"info","message":"Mapped {/staff, POST} route","timestamp":"2026-09-25T05:08:37.060Z"}
{"context":"RouterExplorer","level":"info","message":"Mapped {/staff, GET} route","timestamp":"2026-09-25T05:08:37.060Z"}
{"context":"RouterExplorer","level":"info","message":"Mapped {/staff/:id, GET} route","timestamp":"2026-09-25T05:08:37.061Z"}
{"context":"RouterExplorer","level":"info","message":"Mapped {/staff/:id, PATCH} route","timestamp":"2026-09-25T05:08:37.061Z"}
{"context":"RouterExplorer","level":"info","message":"Mapped {/staff/:id, DELETE} route","timestamp":"2026-09-25T05:08:37.062Z"}
{"context":"RouterExplorer","level":"info","message":"Mapped {/inventory/suppliers, POST} route","timestamp":"2026-09-25T05:08:37.062Z"}
{"context":"RouterExplorer","level":"info","message":"Mapped {/inventory/suppliers, GET} route","timestamp":"2026-09-25T05:08:37.063Z"}
{"context":"RouterExplorer","level":"info","message":"Mapped {/inventory/suppliers/:id, GET} route","timestamp":"2026-09-25T05:08:37.064Z"}
{"context":"RouterExplorer","level":"info","message":"Mapped {/inventory/suppliers/:id, PATCH} route","timestamp":"2026-09-25T05:08:37.064Z"}
{"context":"RouterExplorer","level":"info","message":"Mapped {/inventory/suppliers/:id, DELETE} route","timestamp":"2026-09-25T05:08:37.065Z"}
{"context":"RouterExplorer","level":"info","message":"Mapped {/inventory/purchases, POST} route","timestamp":"2026-09-25T05:08:37.066Z"}
{"context":"RouterExplorer","level":"info","message":"Mapped {/inventory/purchases, GET} route","timestamp":"2026-09-25T05:08:37.066Z"}
{"context":"RouterExplorer","level":"info","message":"Mapped {/inventory/purchases/:id, GET} route","timestamp":"2026-09-25T05:08:37.067Z"}
{"context":"RouterExplorer","level":"info","message":"Mapped {/inventory/recipes, POST} route","timestamp":"2026-09-25T05:08:37.067Z"}
{"context":"RouterExplorer","level":"info","message":"Mapped {/inventory/recipes/:menuItemId, GET} route","timestamp":"2026-09-25T05:08:37.068Z"}
{"context":"RouterExplorer","level":"info","message":"Mapped {/analytics/overview, GET} route","timestamp":"2026-09-25T05:08:37.068Z"}
{"context":"RouterExplorer","level":"info","message":"Mapped {/analytics/recent-orders, GET} route","timestamp":"2026-09-25T05:08:37.069Z"}
{"context":"RouterExplorer","level":"info","message":"Mapped {/analytics/top-items, GET} route","timestamp":"2026-09-25T05:08:37.070Z"}
{"context":"RouterExplorer","level":"info","message":"Mapped {/analytics/low-stock, GET} route","timestamp":"2026-09-25T05:08:37.070Z"}
{"context":"RouterExplorer","level":"info","message":"Mapped {/reports/sales, GET} route","timestamp":"2026-09-25T05:08:37.071Z"}
{"context":"RouterExplorer","level":"info","message":"Mapped {/integrations/menu/sync, POST} route","timestamp":"2026-09-25T05:08:37.071Z"}
{"context":"RouterExplorer","level":"info","message":"Mapped {/integrations/orders/webhook, POST} route","timestamp":"2026-09-25T05:08:37.072Z"}
{"context":"NestApplication","level":"info","message":"Nest application successfully started","timestamp":"2026-09-25T05:08:37.077Z"}
